[1m[31mError: Unknown argument: ""[39m[22m
